
> vite-react-typescript-starter@0.0.0 build
> vite build

2025-12-16T04:52:21.901Z vite:config bundled config file loaded in 1859.07ms
2025-12-16T04:52:22.830Z vite:config using resolved config: {
  plugins: [
    'vite:build-metadata',
    'vite:watch-package-data',
    'vite:pre-alias',
    'alias',
    'vite:react-babel',
    'vite:react-refresh',
    'vite:modulepreload-polyfill',
    'vite:resolve',
    'vite:html-inline-proxy',
    'vite:css',
    'vite:esbuild',
    'vite:json',
    'vite:wasm-helper',
    'vite:worker',
    'vite:asset',
    'vite:wasm-fallback',
    'vite:define',
    'vite:css-post',
    'vite:build-html',
    'vite:worker-import-meta-url',
    'vite:asset-import-meta-url',
    'vite:force-systemjs-wrap-complete',
    'commonjs',
    'vite:data-uri',
    'vite:dynamic-import-vars',
    'vite:import-glob',
    'vite:build-import-analysis',
    'vite:esbuild-transpile',
    'vite:terser',
    'vite:reporter',
    'vite:load-fallback'
  ],
  optimizeDeps: {
    holdUntilCrawlEnd: true,
    exclude: [ 'lucide-react', '@google/generative-ai' ],
    esbuildOptions: { preserveSymlinks: false, jsx: 'automatic' },
    include: [ 'react', 'react/jsx-dev-runtime', 'react/jsx-runtime' ]
  },
  build: {
    target: [ 'es2020', 'edge88', 'firefox78', 'chrome87', 'safari14' ],
    cssTarget: [ 'es2020', 'edge88', 'firefox78', 'chrome87', 'safari14' ],
    outDir: 'dist',
    assetsDir: 'assets',
    assetsInlineLimit: 4096,
    cssCodeSplit: true,
    sourcemap: false,
    rollupOptions: { onwarn: [Function: onwarn] },
    minify: 'esbuild',
    terserOptions: {},
    write: true,
    emptyOutDir: null,
    copyPublicDir: true,
    manifest: false,
    lib: false,
    ssr: false,
    ssrManifest: false,
    ssrEmitAssets: false,
    reportCompressedSize: true,
    chunkSizeWarningLimit: 500,
    watch: null,
    commonjsOptions: { include: [Array], extensions: [Array] },
    dynamicImportVarsOptions: { warnOnError: true, exclude: [Array] },
    modulePreload: { polyfill: true },
    cssMinify: true
  },
  esbuild: { jsxDev: false, jsx: 'automatic', jsxImportSource: undefined },
  resolve: {
    mainFields: [ 'browser', 'module', 'jsnext:main', 'jsnext' ],
    conditions: [],
    extensions: [
      '.mjs',  '.js',
      '.mts',  '.ts',
      '.jsx',  '.tsx',
      '.json'
    ],
    dedupe: [ 'react', 'react-dom' ],
    preserveSymlinks: false,
    alias: [ [Object], [Object] ]
  },
  configFile: 'C:/Users/Veerendranath/OneDrive/Documents/Hackathons/Belden/netmonit/Network-Health-Monitor/vite.config.ts',
  configFileDependencies: [
    'C:/Users/Veerendranath/OneDrive/Documents/Hackathons/Belden/netmonit/Network-Health-Monitor/vite.config.ts'
  ],
  inlineConfig: {
    root: undefined,
    base: undefined,
    mode: undefined,
    configFile: undefined,
    logLevel: undefined,
    clearScreen: undefined,
    build: {}
  },
  root: 'C:/Users/Veerendranath/OneDrive/Documents/Hackathons/Belden/netmonit/Network-Health-Monitor',
  base: '/',
  decodedBase: '/',
  rawBase: '/',
  publicDir: 'C:/Users/Veerendranath/OneDrive/Documents/Hackathons/Belden/netmonit/Network-Health-Monitor/public',
  cacheDir: 'C:/Users/Veerendranath/OneDrive/Documents/Hackathons/Belden/netmonit/Network-Health-Monitor/node_modules/.vite',
  command: 'build',
  mode: 'production',
  ssr: {
    target: 'node',
    optimizeDeps: { noDiscovery: true, esbuildOptions: [Object] }
  },
  isWorker: false,
  mainConfig: null,
  bundleChain: [],
  isProduction: true,
  css: { lightningcss: undefined },
  server: {
    preTransformRequests: true,
    sourcemapIgnoreList: [Function: isInNodeModules$1],
    middlewareMode: false,
    fs: {
      strict: true,
      allow: [Array],
      deny: [Array],
      cachedChecks: undefined
    }
  },
  preview: {
    port: undefined,
    strictPort: undefined,
    host: undefined,
    https: undefined,
    open: undefined,
    proxy: undefined,
    cors: undefined,
    headers: undefined
  },
  envDir: 'C:/Users/Veerendranath/OneDrive/Documents/Hackathons/Belden/netmonit/Network-Health-Monitor',
  env: {
    VITE_FIREBASE_API_KEY: 'AIzaSyBkUUY-g7-xQ8nKAnYi5mc2PdkPaF57YpU',
    VITE_FIREBASE_AUTH_DOMAIN: 'netmonit-aa2cd.firebaseapp.com',
    VITE_FIREBASE_PROJECT_ID: 'netmonit-aa2cd',
    VITE_FIREBASE_STORAGE_BUCKET: 'netmonit-aa2cd.firebasestorage.app',
    VITE_FIREBASE_MESSAGING_SENDER_ID: '947387442496',
    VITE_FIREBASE_APP_ID: '1:947387442496:web:3a001ff7b5d7f79c1f06a5',
    VITE_FIREBASE_MEASUREMENT_ID: 'G-EZE9JH9087',
    VITE_AI_API_KEY: 'AIzaSyBwE39doJLtnWiFITKS1qxdG2P6N7tCrDk',
    VITE_AI_MODEL: 'gemini-2.5-flash-lite',
    BASE_URL: '/',
    MODE: 'production',
    DEV: false,
    PROD: true
  },
  assetsInclude: [Function: assetsInclude],
  logger: {
    hasWarned: false,
    info: [Function: info],
    warn: [Function: warn],
    warnOnce: [Function: warnOnce],
    error: [Function: error],
    clearScreen: [Function: clearScreen],
    hasErrorLogged: [Function: hasErrorLogged]
  },
  packageCache: Map(1) {
    'fnpd_C:/Users/Veerendranath/OneDrive/Documents/Hackathons/Belden/netmonit/Network-Health-Monitor' => {
      dir: 'C:/Users/Veerendranath/OneDrive/Documents/Hackathons/Belden/netmonit/Network-Health-Monitor',
      data: [Object],
      hasSideEffects: [Function: hasSideEffects],
      webResolvedImports: {},
      nodeResolvedImports: {},
      setResolvedCache: [Function: setResolvedCache],
      getResolvedCache: [Function: getResolvedCache]
    },
    set: [Function (anonymous)]
  },
  createResolver: [Function: createResolver],
  worker: { format: 'iife', plugins: '() => plugins', rollupOptions: {} },
  appType: 'spa',
  experimental: { importGlobRestoreExtension: false, hmrPartialAccept: false },
  getSortedPlugins: [Function: getSortedPlugins],
  getSortedPluginHooks: [Function: getSortedPluginHooks]
}
[36mvite v5.4.8 [32mbuilding for production...[36m[39m
transforming...
Browserslist: caniuse-lite is outdated. Please run:
  npx update-browserslist-db@latest
  Why you should do it regularly: https://github.com/browserslist/update-db#readme
[32mΓ£ô[39m 2303 modules transformed.
rendering chunks...
computing gzip size...
[2mdist/[22m[32mindex.html                 [39m[1m[2m    2.55 kB[22m[1m[22m[2m Γöé gzip:   0.95 kB[22m
[2mdist/[22m[35massets/index-BWi8A7XI.css  [39m[1m[2m   65.67 kB[22m[1m[22m[2m Γöé gzip:  10.64 kB[22m
[2mdist/[22m[36massets/index-Bk495sRp.js   [39m[1m[33m1,947.33 kB[39m[22m[2m Γöé gzip: 528.31 kB[22m

(!) Some chunks are larger than 500 kB after minification. Consider:
- Using dynamic import() to code-split the application
- Use build.rollupOptions.output.manualChunks to improve chunking: https://rollupjs.org/configuration-options/#output-manualchunks
- Adjust chunk size limit for this warning via build.chunkSizeWarningLimit.
[32mΓ£ô built in 5m 10s[39m
